FUNCTION  provider#clipboard#Call()
    Defined: ~\scoop\apps\neovim\current\share\nvim\runtime\autoload\provider\clipboard.vim:347
Called 2 times
Total time:   0.009929
 Self time:   0.000040

count  total (s)   self (s)
    2              0.000007   if get(s:, 'here', v:false)  " Clipboard provider must not recurse. #7184
                                return 0
    2              0.000001   endif
    2              0.000004   let s:here = v:true
    2              0.000001   try
    2   0.009903   0.000014     return call(s:clipboard[a:method],a:args,s:clipboard)
    2              0.000002   finally
    2              0.000003     let s:here = v:false
    2              0.000001   endtry

FUNCTION  1()
    Defined: ~\scoop\apps\neovim\current\share\nvim\runtime\autoload\provider\clipboard.vim:22
Called 2 times
Total time:   0.000029
 Self time:   0.000029

count  total (s)   self (s)
                              " At this point this nvim instance might already have launched
                              " a new provider instance. Don't drop ownership in this case.
    2              0.000007   if self.owner == a:jobid
    2              0.000004     let self.owner = 0
    2              0.000001   endif
                              " Don't print if exit code is >= 128 ( exit is 128+SIGNUM if by signal (e.g. 143 on SIGTERM))
    2              0.000003   if a:data > 0 && a:data < 128
                                echohl WarningMsg
                                echomsg 'clipboard: error invoking '.get(self.argv, 0, '?').': '.join(self.stderr)
                                echohl None
    2              0.000001   endif

FUNCTION  3()
    Defined: ~\scoop\apps\neovim\current\share\nvim\runtime\autoload\provider\clipboard.vim:288
Called 2 times
Total time:   0.009889
 Self time:   0.009889

count  total (s)   self (s)
    2              0.000002   if a:reg == '"'
                                call s:clipboard.set(a:lines,a:regtype,'+')
                                if s:copy['*'] != s:copy['+']
                                  call s:clipboard.set(a:lines,a:regtype,'*')
                                end
                                return 0
    2              0.000000   end
                            
    2              0.000004   if type(s:copy[a:reg]) == v:t_func
                                call s:copy[a:reg](a:lines, a:regtype)
                                return 0
    2              0.000000   end
                            
    2              0.000001   if s:cache_enabled == 0
                                call s:try_cmd(s:copy[a:reg], a:lines)
                                "Cache it anyway we can compare it later to get regtype of the yank
                                let s:selections[a:reg] = copy(s:selection)
                                let s:selections[a:reg].data = [a:lines, a:regtype]
                                return 0
    2              0.000000   end
                            
    2              0.000003   if s:selections[a:reg].owner > 0
                                let prev_job = s:selections[a:reg].owner
    2              0.000000   end
    2              0.000006   let s:selections[a:reg] = copy(s:selection)
    2              0.000002   let selection = s:selections[a:reg]
    2              0.000003   let selection.data = [a:lines, a:regtype]
    2              0.000002   let selection.argv = s:copy[a:reg]
    2              0.000001   let selection.detach = s:cache_enabled
    2              0.000001   let selection.cwd = "/"
    2              0.009702   let jobid = jobstart(selection.argv, selection)
    2              0.000005   if jobid > 0
    2              0.000010     call jobsend(jobid, a:lines)
    2              0.000066     call jobclose(jobid, 'stdin')
                                " xclip does not close stdout when receiving input via stdin
    2              0.000010     if selection.argv[0] ==# 'xclip'
                                  call jobclose(jobid, 'stdout')
    2              0.000001     endif
    2              0.000004     let selection.owner = jobid
    2              0.000002     let ret = 1
                              else
                                echohl WarningMsg
                                echomsg 'clipboard: failed to execute: '.(s:copy[a:reg])
                                echohl None
                                let ret = 1
    2              0.000001   endif
                            
                              " The previous provider instance should exit when the new one takes
                              " ownership, but kill it to be sure we don't fill up the job table.
    2              0.000004   if exists('prev_job')
                                call timer_start(1000, {... -> jobwait([prev_job], 0)[0] == -1 && jobstop(prev_job)})
    2              0.000001   endif
                            
    2              0.000002   return ret

FUNCTION  <SNR>21_SynSet()
    Defined: ~\scoop\apps\neovim\current\share\nvim\runtime\syntax\synload.vim:27
Called 4 times
Total time:   0.004747
 Self time:   0.004747

count  total (s)   self (s)
                              " clear syntax for :set syntax=OFF  and any syntax name that doesn't exist
    4              0.000007   syn clear
    4              0.000004   if exists("b:current_syntax")
                                unlet b:current_syntax
    4              0.000001   endif
                            
    4              0.000007   0verbose let s = expand("<amatch>")
    4              0.000003   if s == "ON"
                                " :set syntax=ON
                                if &filetype == ""
                                  echohl ErrorMsg
                                  echo "filetype unknown"
                                  echohl None
                                endif
                                let s = &filetype
    4              0.000003   elseif s == "OFF"
                                let s = ""
    4              0.000001   endif
                            
    4              0.000002   if s != ""
                                " Load the syntax file(s).  When there are several, separated by dots,
                                " load each in sequence.  Skip empty entries.
    8              0.000012     for name in split(s, '\.')
    4              0.000004       if !empty(name)
                                    " XXX: "[.]" in the first pattern makes it a wildcard on Windows
    4              0.004653         exe $'runtime! syntax/{name}[.]{{vim,lua}} syntax/{name}/*.{{vim,lua}}'
    4              0.000004       endif
    8              0.000003     endfor
    4              0.000002   endif

FUNCTION  <SNR>14_Remove_Matches()
    Defined: ~\scoop\apps\neovim\current\share/nvim/runtime/plugin/matchparen.vim:203
Called 24 times
Total time:   0.000169
 Self time:   0.000169

count  total (s)   self (s)
   24              0.000040   if exists('w:paren_hl_on') && w:paren_hl_on
                                while !empty(w:matchparen_ids)
                                  silent! call remove(w:matchparen_ids, 0)->matchdelete()
                                endwhile
                                let w:paren_hl_on = 0
   24              0.000006   endif

FUNCTION  nvim_treesitter#indent()
    Defined: ~\AppData\Local\nvim-data\lazy\nvim-treesitter\autoload\nvim_treesitter.vim:25
Called 2 times
Total time:   0.003562
 Self time:   0.003562

count  total (s)   self (s)
    2              0.003560 	return luaeval(printf('require"nvim-treesitter.indent".get_indent(%d)', v:lnum))

FUNCTION  <SNR>1_LoadFTPlugin()
    Defined: ~\scoop\apps\neovim\current\share\nvim\runtime\ftplugin.vim:15
Called 4 times
Total time:   0.006716
 Self time:   0.006716

count  total (s)   self (s)
    4              0.000011     if exists("b:undo_ftplugin")
                                  exe b:undo_ftplugin
                                  unlet! b:undo_ftplugin b:did_ftplugin
    4              0.000002     endif
                            
    4              0.000013     let s = expand("<amatch>")
    4              0.000004     if s != ""
    4              0.000010       if &cpo =~# "S" && exists("b:did_ftplugin")
                            	" In compatible mode options are reset to the global values, need to
                            	" set the local values also when a plugin was already used.
                            	unlet b:did_ftplugin
    4              0.000001       endif
                            
                                  " When there is a dot it is used to separate filetype names.  Thus for
                                  " "aaa.bbb" load "aaa" and then "bbb".
    8              0.000016       for name in split(s, '\.')
                                    " Load Lua ftplugins after Vim ftplugins _per directory_
                                    " TODO(clason): use nvim__get_runtime when supports globs and modeline
                                    " XXX: "[.]" in the first pattern makes it a wildcard on Windows
    4              0.006615         exe $'runtime! ftplugin/{name}[.]{{vim,lua}} ftplugin/{name}_*.{{vim,lua}} ftplugin/{name}/*.{{vim,lua}}'
    8              0.000008       endfor
    4              0.000002     endif

FUNCTION  <SNR>14_Highlight_Matching_Pair()
    Defined: ~\scoop\apps\neovim\current\share/nvim/runtime/plugin/matchparen.vim:45
Called 24 times
Total time:   0.001083
 Self time:   0.000914

count  total (s)   self (s)
   24              0.000073   if !exists("w:matchparen_ids")
                                let w:matchparen_ids = []
   24              0.000013   endif
                              " Remove any previous match.
   24   0.000251   0.000082   call s:Remove_Matches()
                            
                              " Avoid that we remove the popup menu.
                              " Return when there are no colors (looks like the cursor jumps).
   24              0.000056   if pumvisible() || (&t_Co < 8 && !has("gui_running"))
                                return
   24              0.000005   endif
                            
                              " Get the character under the cursor and check if it's in 'matchpairs'.
   24              0.000034   let c_lnum = line('.')
   24              0.000023   let c_col = col('.')
   24              0.000012   let before = 0
                            
   24              0.000031   let text = getline(c_lnum)
   24              0.000064   let c_before = text->strpart(0, c_col - 1)->slice(-1)
   24              0.000040   let c = text->strpart(c_col - 1)->slice(0, 1)
   24              0.000173   let plist = split(&matchpairs, '.\zs[:,]')
   24              0.000032   let i = index(plist, c)
   24              0.000012   if i < 0
                                " not found, in Insert mode try character before the cursor
   24              0.000030     if c_col > 1 && (mode() == 'i' || mode() == 'R')
    4              0.000005       let before = strlen(c_before)
    4              0.000002       let c = c_before
    4              0.000003       let i = index(plist, c)
   24              0.000006     endif
   24              0.000009     if i < 0
                                  " not found, nothing to do
   24              0.000009       return
                                endif
                              endif
                            
                              " Figure out the arguments for searchpairpos().
                              if i % 2 == 0
                                let s_flags = 'nW'
                                let c2 = plist[i + 1]
                              else
                                let s_flags = 'nbW'
                                let c2 = c
                                let c = plist[i - 1]
                              endif
                              if c == '['
                                let c = '\['
                                let c2 = '\]'
                              endif
                            
                              " Find the match.  When it was just before the cursor move it there for a
                              " moment.
                              if before > 0
                                let save_cursor = getcurpos()
                                call cursor(c_lnum, c_col - before)
                                defer setpos('.', save_cursor)
                              endif
                            
                              if !has("syntax") || !exists("g:syntax_on")
                                let s_skip = "0"
                              elseif exists("b:ts_highlight") && &syntax != 'on'
                                let s_skip = "match(v:lua.vim.treesitter.get_captures_at_cursor(), '" .. 'string\|character\|singlequote\|escape\|symbol\|comment' .. "') != -1"
                              else
                                " do not attempt to match when the syntax item where the cursor is
                                " indicates there does not exist a matching parenthesis, e.g. for shells
                                " case statement: "case $var in foobar)"
                                "
                                " add the check behind a filetype check, so it only needs to be
                                " evaluated for certain filetypes
                                if ['sh']->index(&filetype) >= 0 && synstack(".", col("."))->indexof({_, id -> synIDattr(id, "name") =~? "shSnglCase"}) >= 0
                                  return
                                endif
                                " Build an expression that detects whether the current cursor position is
                                " in certain syntax types (string, comment, etc.), for use as
                                " searchpairpos()'s skip argument.
                                " We match "escape" for special items, such as lispEscapeSpecial, and
                                " match "symbol" for lispBarSymbol.
                                let s_skip = 'synstack(".", col("."))' . '->indexof({_, id -> synIDattr(id, "name") =~? ' . '"string\\|character\\|singlequote\\|escape\\|symbol\\|comment"}) >= 0'
                                " If executing the expression determines that the cursor is currently in
                                " one of the syntax types, then we want searchpairpos() to find the pair
                                " within those syntax types (i.e., not skip).  Otherwise, the cursor is
                                " outside of the syntax types and s_skip should keep its value so we skip
                                " any matching pair inside the syntax types.
                                " Catch if this throws E363: pattern uses more memory than 'maxmempattern'.
                                try
                                  execute 'if ' . s_skip . ' | let s_skip = "0" | endif'
                                catch /^Vim\%((\a\+)\)\=:E363/
                                  " We won't find anything, so skip searching, should keep Vim responsive.
                                  return
                                endtry
                              endif
                            
                              " Limit the search to lines visible in the window.
                              let stoplinebottom = line('w$')
                              let stoplinetop = line('w0')
                              if i % 2 == 0
                                let stopline = stoplinebottom
                              else
                                let stopline = stoplinetop
                              endif
                            
                              " Limit the search time to 300 msec to avoid a hang on very long lines.
                              " This fails when a timeout is not supported.
                              if mode() == 'i' || mode() == 'R'
                                let timeout = exists("b:matchparen_insert_timeout") ? b:matchparen_insert_timeout : g:matchparen_insert_timeout
                              else
                                let timeout = exists("b:matchparen_timeout") ? b:matchparen_timeout : g:matchparen_timeout
                              endif
                              try
                                let [m_lnum, m_col] = searchpairpos(c, '', c2, s_flags, s_skip, stopline, timeout)
                              catch /E118/
                                " Can't use the timeout, restrict the stopline a bit more to avoid taking
                                " a long time on closed folds and long lines.
                                " The "viewable" variables give a range in which we can scroll while
                                " keeping the cursor at the same position.
                                " adjustedScrolloff accounts for very large numbers of scrolloff.
                                let adjustedScrolloff = min([&scrolloff, (line('w$') - line('w0')) / 2])
                                let bottom_viewable = min([line('$'), c_lnum + &lines - adjustedScrolloff - 2])
                                let top_viewable = max([1, c_lnum-&lines+adjustedScrolloff + 2])
                                " one of these stoplines will be adjusted below, but the current values are
                                " minimal boundaries within the current window
                                if i % 2 == 0
                                  if has("byte_offset") && has("syntax_items") && &smc > 0
                            	let stopbyte = min([line2byte("$"), line2byte(".") + col(".") + &smc * 2])
                            	let stopline = min([bottom_viewable, byte2line(stopbyte)])
                                  else
                            	let stopline = min([bottom_viewable, c_lnum + 100])
                                  endif
                                  let stoplinebottom = stopline
                                else
                                  if has("byte_offset") && has("syntax_items") && &smc > 0
                            	let stopbyte = max([1, line2byte(".") + col(".") - &smc * 2])
                            	let stopline = max([top_viewable, byte2line(stopbyte)])
                                  else
                            	let stopline = max([top_viewable, c_lnum - 100])
                                  endif
                                  let stoplinetop = stopline
                                endif
                                let [m_lnum, m_col] = searchpairpos(c, '', c2, s_flags, s_skip, stopline)
                              endtry
                            
                              " If a match is found setup match highlighting.
                              if m_lnum > 0 && m_lnum >= stoplinetop && m_lnum <= stoplinebottom
                                if !g:matchparen_disable_cursor_hl
                                  call add(w:matchparen_ids, matchaddpos('MatchParen', [[c_lnum, c_col - before], [m_lnum, m_col]], 10))
                                else
                                  call add(w:matchparen_ids, matchaddpos('MatchParen', [[m_lnum, m_col]], 10))
                                endif
                                let w:paren_hl_on = 1
                              endif

FUNCTION  <SNR>2_LoadIndent()
    Defined: ~\scoop\apps\neovim\current\share\nvim\runtime\indent.vim:14
Called 4 times
Total time:   0.002106
 Self time:   0.002106

count  total (s)   self (s)
    4              0.000008     if exists("b:undo_indent")
                                  exe b:undo_indent
                                  unlet! b:undo_indent b:did_indent
    4              0.000001     endif
    4              0.000008     let s = expand("<amatch>")
    4              0.000003     if s != ""
    4              0.000004       if exists("b:did_indent")
                            	unlet b:did_indent
    4              0.000001       endif
                            
                                  " When there is a dot it is used to separate filetype names.  Thus for
                                  " "aaa.bbb" load "indent/aaa.vim" and then "indent/bbb.vim".
    8              0.000013       for name in split(s, '\.')
                                    " XXX: "[.]" in the pattern makes it a wildcard on Windows
    4              0.002036         exe $'runtime! indent/{name}[.]{{vim,lua}}'
    8              0.000005       endfor
    4              0.000002     endif

FUNCTIONS SORTED ON TOTAL TIME
count  total (s)   self (s)  function
    2   0.009929   0.000040  provider#clipboard#Call()
    2   0.009889             3()
    4   0.006716             <SNR>1_LoadFTPlugin()
    4   0.004747             <SNR>21_SynSet()
    2   0.003562             nvim_treesitter#indent()
    4   0.002106             <SNR>2_LoadIndent()
   24   0.001083   0.000914  <SNR>14_Highlight_Matching_Pair()
   24   0.000169             <SNR>14_Remove_Matches()
    2   0.000029             1()

FUNCTIONS SORTED ON SELF TIME
count  total (s)   self (s)  function
    2              0.009889  3()
    4              0.006716  <SNR>1_LoadFTPlugin()
    4              0.004747  <SNR>21_SynSet()
    2              0.003562  nvim_treesitter#indent()
    4              0.002106  <SNR>2_LoadIndent()
   24   0.001083   0.000914  <SNR>14_Highlight_Matching_Pair()
   24              0.000169  <SNR>14_Remove_Matches()
    2   0.009929   0.000040  provider#clipboard#Call()
    2              0.000029  1()

